
 RUN  v3.2.7 /sessions/bold-affectionate-planck/mnt/lbro/frontend

